exports[`test Calculator renders correctly 1`] = `undefined`;
